﻿
=== 娴嬭瘯 Toronto, ON 瀹屾暣娴佺▼ ===

[PriceFetch] 鍚姩鏈湴 Puppeteer 鐖彇: Toronto, ON
[Puppeteer] 鈻?Toronto, ON 寮€濮嬫姄鍙?[Puppeteer] 鈫?瀵艰埅鍒?Toronto, ON
[Puppeteer] 鈴?绛夊緟 GraphQL 鏁版嵁...
[Puppeteer] 鉁?Toronto, ON: 鎻愬彇鍒?20 涓姞娌圭珯
[PriceFetch] Toronto, ON: 鏈湴鐖櫕杩斿洖 20 鏉?[WriteDB] 鏀跺埌 20 鏉℃暟鎹紝绗?鏉＄粨鏋? {
  "id": "67856",
  "offers": [
    {
      "discounts": [
        {
          "grades": [
            "regular_gas",
            "midgrade_gas",
            "premium_gas"
          ],
          "highlight": "Flash Deal: Save 2垄 per gallon",
          "pwgbDiscount": "0.02",
          "receiptDiscount": null,
          "__typename": "Discount"
        }
      ],
      "highlight": "Flash Deal: Save 2垄 per gallon",
      "id": "H567856-2-2-2-0-0-0-0-0-He37N26YfDaQ5hwEwcBkzau",
      "types": [
        "gasbuddy"
      ],
      "use": [
        "strike",
        "sort"
      ],
      "__typename": "Offer"
    }
  ],
  "payStatus": null,
  "prices": [
    {
      "cash": null,
      "credit": {
        "nickname": "Buddy_18fvrqty",
        "postedTime": "2026-05-26T01:36:18.303Z",
        "price": 167.9,
        "formattedPrice": "167.9垄",
        "__typename": "FuelPrice"
      },
      "discount": 0,
      "fuelProduct": "regular_gas",
      "__typename": "PriceReport"
    },
    {
      "cash": null,
      "credit": {
        "nickname": "Buddy_2dwpa00f",
        "postedTime": "2026-05-25T23:48:30.951Z",
        "price": 201.9,
        "formattedPrice": "201.9垄",
        "__typename": "FuelPrice"
      },
      "discount": 0,
      "fuelProduct": "midgrade_gas",
      "__typename": "PriceReport"
    },
    {
      "cash": null,
      "credit": {
        "nickname": "Buddy_2dwpa00f",
        "postedTime": "2026-05-25T23:48:30.951Z",
        "price": 207.9,
        "formattedPrice": "207.9垄",
        "__typename": "FuelPrice"
      },
      "discount": 0,
      "fuelProduct": "premium_gas",
      "__typename": "PriceReport"
    }
  ],
  "__typename": "Station",
  "name": "GasBuddy #67856",
  "lat": 43.645039,
  "lng": -79.380881,
  "address": {
    "locality": "Toronto",
    "region": "ON",
    "country": "Canada"
  }
}
[WriteDB] 姹囨€? 鎬绘暟=20, 鍐欏叆=20, 缂哄潗鏍?0, 鏃犱环鏍?0
[PriceFetch] Toronto, ON: 宸插啓鍏?鏇存柊 20 涓姞娌圭珯

forceRefreshCity 杩斿洖: {
  "city": "Toronto, ON",
  "stationsUpdated": 20
}

DB 涓殑 gasbuddy 鏁版嵁 (鍓?鏉?:
  GasBuddy #65059 | (43.66770900, -79.39734700) | $R=176.900 $M=200.900 $P=210.900 $D=198.900 | Toronto, ON
  GasBuddy #83356 | (43.66652100, -79.38111700) | $R=169.900 $M=185.900 $P=191.900 $D=211.900 | Toronto, ON
  GasBuddy #22078 | (43.66494600, -79.38897100) | $R=173.900 $M=209.900 $P=214.900 $D=null | Toronto, ON
  GasBuddy #1288 | (43.66285900, -79.39014100) | $R=169.900 $M=194.900 $P=201.900 $D=203.900 | Toronto, ON
  GasBuddy #177193 | (43.66023800, -79.38281000) | $R=175.900 $M=196.900 $P=203.900 $D=205.900 | Toronto, ON

鎬昏褰曟暟: 20
node.exe : npm notice
所在位置 行:1 字符: 1
+ & "C:\Program Files\nodejs/node.exe" "C:\Users\Administrator\AppDat
a\ ...
+ ~~~~~~~~~~~~~~~~~~~~~~~~~~~~~~~~~~~~~~~~~~~~~~~~~~~~~~~~~~~~~~~~~~~
~~
    + CategoryInfo          : NotSpecified: (npm notice:String) [],  
   RemoteException
    + FullyQualifiedErrorId : NativeCommandError
 
npm notice New minor version of npm available! 11.14.1 -> 11.15.0
npm notice Changelog: https://github.com/npm/cli/releases/tag/v11.15.
0
npm notice To update run: npm install -g npm@11.15.0
npm notice
